../Core/Inc/Pdoa_tx.c:63:5:Pdoa_uwb_tx	8	static
../Core/Inc/TWR_uwb.c:83:5:ss_twr_responder_uwb	64	static
../Core/Src/main.c:83:6:test_run_info	24	static
../Core/Src/main.c:96:6:HAL_TIM_PeriodElapsedCallback	16	static
../Core/Src/main.c:156:5:main	8	static
../Core/Src/main.c:215:6:SystemClock_Config	88	static
../Core/Src/main.c:261:13:MX_SPI1_Init	8	static
../Core/Src/main.c:299:13:MX_TIM1_Init	112	static
../Core/Src/main.c:380:13:MX_TIM2_Init	32	static
../Core/Src/main.c:425:13:MX_USART1_UART_Init	8	static
../Core/Src/main.c:458:13:MX_GPIO_Init	48	static
../Core/Src/main.c:528:6:Error_Handler	4	static,ignoring_inline_asm
