../Core/Inc/Pdoa_tx.c:62:5:Pdoa_uwb_tx	16	static
../Core/Inc/TWR_uwb.c:83:5:ss_twr_responder_uwb	64	static
../Core/Src/main.c:76:6:test_run_info	24	static
../Core/Src/main.c:90:5:main	8	static
../Core/Src/main.c:176:6:SystemClock_Config	88	static
../Core/Src/main.c:222:13:MX_SPI1_Init	8	static
../Core/Src/main.c:260:13:MX_TIM1_Init	112	static
../Core/Src/main.c:342:13:MX_USART1_UART_Init	8	static
../Core/Src/main.c:375:13:MX_GPIO_Init	48	static
../Core/Src/main.c:445:6:Error_Handler	4	static,ignoring_inline_asm
