../Core/Inc/TWR_uwb.c:94:5:ss_twr_initiator_RX	88	static
../Core/Inc/PDOA_uwb.c:93:5:UWB_pdoa	48	static
../Core/Inc/PDOA_uwb.c:271:13:rx_ok_cb	24	static
../Core/Inc/PDOA_uwb.c:296:13:rx_err_cb	16	static
../Core/Inc/get_XY_coo.c:22:5:get_XY_cood	64	static
../Core/Src/main.c:82:6:test_run_info	24	static
../Core/Src/main.c:96:5:main	8	static
../Core/Src/main.c:201:6:SystemClock_Config	88	static
../Core/Src/main.c:247:13:MX_SPI1_Init	8	static
../Core/Src/main.c:285:13:MX_TIM1_Init	112	static
../Core/Src/main.c:367:13:MX_USART1_UART_Init	8	static
../Core/Src/main.c:400:13:MX_GPIO_Init	48	static
../Core/Src/main.c:470:6:Error_Handler	4	static,ignoring_inline_asm
