../Drivers/CMSIS/Include/core_cm4.h:1688:22:__NVIC_EnableIRQ	16	static
../Drivers/CMSIS/Include/core_cm4.h:1724:22:__NVIC_DisableIRQ	16	static,ignoring_inline_asm
../Core/Inc/port.c:49:19:portGetTickCnt	8	static
/Applications/STM32CubeIDE.app/Contents/Eclipse/plugins/com.st.stm32cube.ide.mcu.externaltools.gnu-tools-for-stm32.10.3-2021.10.macos64_1.0.200.202301161003/tools/arm-none-eabi/include/sys/unistd.h:240:6:usleep	24	static,ignoring_inline_asm
../Core/Inc/port.c:73:15:Sleep	16	static
../Core/Inc/port.c:92:5:peripherals_init	4	static
../Core/Inc/port.c:100:6:spi_peripheral_init	4	static
../Core/Inc/port.c:115:10:EXTI_GetITEnStatus	16	static
../Core/Inc/port.c:137:6:reset_DWIC	32	static
../Core/Inc/port.c:162:6:setup_DWICRSTnIRQ	40	static
../Core/Inc/port.c:202:6:wakeup_device_with_io	8	static
../Core/Inc/port.c:219:6:make_very_short_wakeup_io	16	static,ignoring_inline_asm
../Core/Inc/port.c:233:5:port_is_boot1_low	8	static
../Core/Inc/port.c:242:5:port_is_boot1_on	16	static
../Core/Inc/port.c:253:5:port_is_switch_on	16	static
../Core/Inc/port.c:261:6:led_off	16	static
../Core/Inc/port.c:296:6:led_on	16	static
../Core/Inc/port.c:334:6:change_SPI	16	static
../Core/Inc/port.c:357:6:port_set_dw_ic_spi_slowrate	8	static
../Core/Inc/port.c:367:6:port_set_dw_ic_spi_fastrate	8	static
../Core/Inc/port.c:376:6:port_LCD_RS_set	4	static
../Core/Inc/port.c:386:6:port_LCD_RS_clear	4	static
../Core/Inc/port.c:396:6:port_LCD_RW_set	4	static
../Core/Inc/port.c:406:6:port_LCD_RW_clear	4	static
../Core/Inc/port.c:430:6:HAL_GPIO_EXTI_Callback	16	static
../Core/Inc/port.c:458:15:process_deca_irq	8	static
../Core/Inc/port.c:473:15:port_DisableEXT_IRQ	8	static
../Core/Inc/port.c:490:15:port_EnableEXT_IRQ	8	static
../Core/Inc/port.c:505:19:port_GetEXT_IRQStatus	16	static
../Core/Inc/port.c:523:19:port_CheckEXT_IRQ	16	static
../Core/Inc/port.c:675:6:port_set_dwic_isr	24	static
